dmi@ubu:~$ scp hwinfo yc_vm:/home/Stolyarov/
hwinfo                                     100%  430    22.7KB/s   00:00
dmi@ubu:~$

Stolyarov@lesson2:~$ ll
total 40
drwxr-xr-x 5 Stolyarov Stolyarov 4096 Mar  8 08:36 ./
drwxr-xr-x 3 root      root      4096 Mar  5 10:25 ../
-rw------- 1 Stolyarov Stolyarov  502 Mar  8 08:40 .bash_history
-rw-r--r-- 1 Stolyarov Stolyarov  220 Feb 25  2020 .bash_logout
-rw-r--r-- 1 Stolyarov Stolyarov 3855 Mar  8 08:36 .bashrc
drwx------ 2 Stolyarov Stolyarov 4096 Mar  5 10:33 .cache/
drwxrwxr-x 3 Stolyarov Stolyarov 4096 Mar  5 16:53 .local/
-rw-r--r-- 1 Stolyarov Stolyarov  807 Feb 25  2020 .profile
drwx------ 2 Stolyarov Stolyarov 4096 Mar  5 16:56 .ssh/
-rw-r--r-- 1 Stolyarov Stolyarov    0 Mar  5 16:22 .sudo_as_admin_successful
-rwx------ 1 Stolyarov Stolyarov  430 Mar  8 08:42 hwinfo*
Stolyarov@lesson2:~$ sudo apt install bc
...
Stolyarov@lesson2:~$ cat hwinfo
#!/bin/bash
free_memory=$(free -h | awk '/Mem/ {print $4}' | sed 's/Mi/Мб/g' | sed 's/Gi/Гб/g')
load_cpu=$(bc <<< "scale=1;(100-$(top -bn1 | awk '/Cpu/ {print $8}' | sed 's/id,/100/g' | sed 's/,/./g'))")
ip_adres=$(ifconfig eth0 | grep -w inet | awk '{print $2}')
echo "свободная память: $free_memory"
echo "загрузка процессора: $load_cpu %"
echo "ип-адрес: $ip_adres"

Stolyarov@lesson2:~$ cat .bashrc
# ~/.bashrc: executed by bash(1) for non-login shells.
# see /usr/share/doc/bash/examples/startup-files (in the package bash-doc)
# for examples

# If not running interactively, don't do anything
case $- in
    *i*) ;;
      *) return;;
esac

# don't put duplicate lines or lines starting with space in the history.
# See bash(1) for more options
HISTCONTROL=ignoreboth

# append to the history file, don't overwrite it
shopt -s histappend

# for setting history length see HISTSIZE and HISTFILESIZE in bash(1)
HISTSIZE=1000
HISTFILESIZE=2000

# check the window size after each command and, if necessary,
# update the values of LINES and COLUMNS.
shopt -s checkwinsize

# If set, the pattern "**" used in a pathname expansion context will
# match all files and zero or more directories and subdirectories.
#shopt -s globstar

# make less more friendly for non-text input files, see lesspipe(1)
[ -x /usr/bin/lesspipe ] && eval "$(SHELL=/bin/sh lesspipe)"

# set variable identifying the chroot you work in (used in the prompt below)
if [ -z "${debian_chroot:-}" ] && [ -r /etc/debian_chroot ]; then
    debian_chroot=$(cat /etc/debian_chroot)
fi

# set a fancy prompt (non-color, unless we know we "want" color)
case "$TERM" in
    xterm-color|*-256color) color_prompt=yes;;
esac

# uncomment for a colored prompt, if the terminal has the capability; turned
# off by default to not distract the user: the focus in a terminal window
# should be on the output of commands, not on the prompt
#force_color_prompt=yes

if [ -n "$force_color_prompt" ]; then
    if [ -x /usr/bin/tput ] && tput setaf 1 >&/dev/null; then
        # We have color support; assume it's compliant with Ecma-48
        # (ISO/IEC-6429). (Lack of such support is extremely rare, and such
        # a case would tend to support setf rather than setaf.)
        color_prompt=yes
    else
        color_prompt=
    fi
fi

if [ "$color_prompt" = yes ]; then
    PS1='${debian_chroot:+($debian_chroot)}\[\033[01;32m\]\u@\h\[\033[00m\]:\[\033[01;34m\]\w\[\033[00m\]\$ '
else
    PS1='${debian_chroot:+($debian_chroot)}\u@\h:\w\$ '
fi
unset color_prompt force_color_prompt

# If this is an xterm set the title to user@host:dir
case "$TERM" in
xterm*|rxvt*)
    PS1="\[\e]0;${debian_chroot:+($debian_chroot)}\u@\h: \w\a\]$PS1"
    ;;
*)
    ;;
esac

# enable color support of ls and also add handy aliases
if [ -x /usr/bin/dircolors ]; then
    test -r ~/.dircolors && eval "$(dircolors -b ~/.dircolors)" || eval "$(dircolors -b)"
    alias ls='ls --color=auto'
    #alias dir='dir --color=auto'
    #alias vdir='vdir --color=auto'

    alias grep='grep --color=auto'
    alias fgrep='fgrep --color=auto'
    alias egrep='egrep --color=auto'
fi

# colored GCC warnings and errors
#export GCC_COLORS='error=01;31:warning=01;35:note=01;36:caret=01;32:locus=01:quote=01'

# some more ls aliases
alias ll='ls -alF'
alias la='ls -A'
alias l='ls -CF'

# Add an "alert" alias for long running commands.  Use like so:
#   sleep 10; alert
alias alert='notify-send --urgency=low -i "$([ $? = 0 ] && echo terminal || echo error)" "$(history|tail -n1|sed -e '\''s/^\s*[0-9]\+\s*//;s/[;&|]\s*alert$//'\'')"'

# Alias definitions.
# You may want to put all your additions into a separate file like
# ~/.bash_aliases, instead of adding them here directly.
# See /usr/share/doc/bash-doc/examples in the bash-doc package.

if [ -f ~/.bash_aliases ]; then
    . ~/.bash_aliases
fi

# enable programmable completion features (you don't need to enable
# this, if it's already enabled in /etc/bash.bashrc and /etc/profile
# sources /etc/bash.bashrc).
if ! shopt -oq posix; then
  if [ -f /usr/share/bash-completion/bash_completion ]; then
    . /usr/share/bash-completion/bash_completion
  elif [ -f /etc/bash_completion ]; then
    . /etc/bash_completion
  fi
fi

# starts script when terminal starts
if [ -f /home/Stolyarov/hwinfo ]; then ./hwinfo; fi


dmi@ubu:~$ ssh yc_vm
Welcome to Ubuntu 20.04.5 LTS (GNU/Linux 5.4.0-144-generic x86_64)

 * Documentation:  https://help.ubuntu.com
 * Management:     https://landscape.canonical.com
 * Support:        https://ubuntu.com/advantage

 * Introducing Expanded Security Maintenance for Applications.
   Receive updates to over 25,000 software packages with your
   Ubuntu Pro subscription. Free for personal use.

     https://ubuntu.com/pro
New release '22.04.2 LTS' available.
Run 'do-release-upgrade' to upgrade to it.

Last login: Wed Mar  8 09:00:45 2023 from 10.1.2.4
свободная память: 1.3Гб
загрузка процессора: 0 %
ип-адрес: 10.1.2.4
Stolyarov@lesson2:~$

